[debug] [2026-06-28T23:46:44.968Z] ----------------------------------------------------------------------
[debug] [2026-06-28T23:46:44.976Z] Command:       C:\Program Files\nodejs\node.exe C:\Users\erene\AppData\Roaming\npm\node_modules\firebase-tools\lib\bin\firebase.js functions:secrets:set TEST_SECRET
[debug] [2026-06-28T23:46:44.976Z] CLI Version:   15.20.0
[debug] [2026-06-28T23:46:44.976Z] Platform:      win32
[debug] [2026-06-28T23:46:44.976Z] Node Version:  v24.15.0
[debug] [2026-06-28T23:46:44.976Z] Time:          Mon Jun 29 2026 02:46:44 GMT+0300 (Türkiye Standart Saati)
[debug] [2026-06-28T23:46:44.976Z] ----------------------------------------------------------------------
[debug] 
[debug] [2026-06-28T23:46:45.130Z] Object "" in "firebase.json" has unknown property: {"additionalProperty":"flutter"}
[debug] [2026-06-28T23:46:45.134Z] > command requires scopes: ["email","openid","https://www.googleapis.com/auth/cloudplatformprojects.readonly","https://www.googleapis.com/auth/firebase","https://www.googleapis.com/auth/cloud-platform"]
[debug] [2026-06-28T23:46:45.134Z] > authorizing via signed-in user (ereneroglu1983@gmail.com)
[debug] [2026-06-28T23:46:45.135Z] > command requires scopes: ["email","openid","https://www.googleapis.com/auth/cloudplatformprojects.readonly","https://www.googleapis.com/auth/firebase","https://www.googleapis.com/auth/cloud-platform"]
[debug] [2026-06-28T23:46:45.135Z] > authorizing via signed-in user (ereneroglu1983@gmail.com)
[debug] [2026-06-28T23:46:45.135Z] [iam] checking project device-streaming-6f29b03c for permissions ["firebase.projects.get","secretmanager.secrets.create","secretmanager.secrets.get","secretmanager.secrets.update","secretmanager.versions.add"]
[debug] [2026-06-28T23:46:45.136Z] Checked if tokens are valid: false, expires at: 1782690003244
[debug] [2026-06-28T23:46:45.136Z] Checked if tokens are valid: false, expires at: 1782690003244
[debug] [2026-06-28T23:46:45.136Z] > refreshing access token with scopes: []
[debug] [2026-06-28T23:46:45.137Z] >>> [apiv2][query] POST https://www.googleapis.com/oauth2/v3/token [none]
[debug] [2026-06-28T23:46:45.137Z] >>> [apiv2][body] POST https://www.googleapis.com/oauth2/v3/token [omitted]
[debug] [2026-06-28T23:46:45.506Z] <<< [apiv2][status] POST https://www.googleapis.com/oauth2/v3/token 200
[debug] [2026-06-28T23:46:45.506Z] <<< [apiv2][body] POST https://www.googleapis.com/oauth2/v3/token [omitted]
[debug] [2026-06-28T23:46:45.514Z] >>> [apiv2][query] POST https://cloudresourcemanager.googleapis.com/v1/projects/device-streaming-6f29b03c:testIamPermissions [none]
[debug] [2026-06-28T23:46:45.514Z] >>> [apiv2][(partial)header] POST https://cloudresourcemanager.googleapis.com/v1/projects/device-streaming-6f29b03c:testIamPermissions  x-goog-user-project=device-streaming-6f29b03c
[debug] [2026-06-28T23:46:45.514Z] >>> [apiv2][body] POST https://cloudresourcemanager.googleapis.com/v1/projects/device-streaming-6f29b03c:testIamPermissions {"permissions":["firebase.projects.get","secretmanager.secrets.create","secretmanager.secrets.get","secretmanager.secrets.update","secretmanager.versions.add"]}
[debug] [2026-06-28T23:46:46.597Z] <<< [apiv2][status] POST https://cloudresourcemanager.googleapis.com/v1/projects/device-streaming-6f29b03c:testIamPermissions 200
[debug] [2026-06-28T23:46:46.597Z] <<< [apiv2][body] POST https://cloudresourcemanager.googleapis.com/v1/projects/device-streaming-6f29b03c:testIamPermissions {"permissions":["firebase.projects.get","secretmanager.secrets.create","secretmanager.secrets.get","secretmanager.secrets.update","secretmanager.versions.add"]}
[debug] [2026-06-28T23:46:46.598Z] Checked if tokens are valid: true, expires at: 1782694004506
[debug] [2026-06-28T23:46:46.598Z] Checked if tokens are valid: true, expires at: 1782694004506
[debug] [2026-06-28T23:46:46.598Z] >>> [apiv2][query] GET https://cloudresourcemanager.googleapis.com/v1/projects/device-streaming-6f29b03c [none]
[debug] [2026-06-28T23:46:47.287Z] <<< [apiv2][status] GET https://cloudresourcemanager.googleapis.com/v1/projects/device-streaming-6f29b03c 200
[debug] [2026-06-28T23:46:47.287Z] <<< [apiv2][body] GET https://cloudresourcemanager.googleapis.com/v1/projects/device-streaming-6f29b03c {"projectNumber":"715610995273","projectId":"device-streaming-6f29b03c","lifecycleState":"ACTIVE","labels":{"firebase":"enabled","firebase-core":"disabled"},"createTime":"2026-04-23T03:59:34.267Z"}
[debug] [2026-06-28T23:46:47.288Z] Checked if tokens are valid: true, expires at: 1782694004506
[debug] [2026-06-28T23:46:47.288Z] Checked if tokens are valid: true, expires at: 1782694004506
[debug] [2026-06-28T23:46:47.288Z] >>> [apiv2][query] GET https://secretmanager.googleapis.com/v1/projects/device-streaming-6f29b03c/secrets/TEST_SECRET [none]
[debug] [2026-06-28T23:46:48.298Z] <<< [apiv2][status] GET https://secretmanager.googleapis.com/v1/projects/device-streaming-6f29b03c/secrets/TEST_SECRET 404
[debug] [2026-06-28T23:46:48.298Z] <<< [apiv2][body] GET https://secretmanager.googleapis.com/v1/projects/device-streaming-6f29b03c/secrets/TEST_SECRET {"error":{"code":404,"message":"Secret [projects/715610995273/secrets/TEST_SECRET] not found.","status":"NOT_FOUND"}}
[debug] [2026-06-28T23:46:48.298Z] Checked if tokens are valid: true, expires at: 1782694004506
[debug] [2026-06-28T23:46:48.298Z] Checked if tokens are valid: true, expires at: 1782694004506
[debug] [2026-06-28T23:46:48.300Z] >>> [apiv2][query] POST https://secretmanager.googleapis.com/v1/projects/device-streaming-6f29b03c/secrets secretId=TEST_SECRET
[debug] [2026-06-28T23:46:48.300Z] >>> [apiv2][body] POST https://secretmanager.googleapis.com/v1/projects/device-streaming-6f29b03c/secrets {"name":"TEST_SECRET","replication":{"automatic":{}},"labels":{"firebase-managed":"functions"}}
[debug] [2026-06-28T23:46:49.334Z] <<< [apiv2][status] POST https://secretmanager.googleapis.com/v1/projects/device-streaming-6f29b03c/secrets 200
[debug] [2026-06-28T23:46:49.335Z] <<< [apiv2][body] POST https://secretmanager.googleapis.com/v1/projects/device-streaming-6f29b03c/secrets {"name":"projects/715610995273/secrets/TEST_SECRET","replication":{"automatic":{}},"createTime":"2026-06-28T23:46:48.717441Z","labels":{"firebase-managed":"functions"},"etag":"\"165558f494df2e\""}
